---
source: bitflip_program/src/state.rs
expression: "format!(\"flips: {flips}\\nremaining_time: {remaining_time}\\nlamports: {lamports}\",)"
snapshot_kind: text
---
flips: 0
remaining_time: 1
lamports: 10000
