---
source: bitflip_program/tests/config_initialize_test.rs
expression: "format!(\"{rounded_compute_units} CU\")"
snapshot_kind: text
---
320000 CU
