---
source: bitflip_program/tests/initialize_test.rs
expression: "format!(\"{rounded_compute_units} CU\")"
snapshot_kind: text
---
120000 CU
