---
source: bitflip_program/tests/token_initialize_test.rs
expression: parsed_treasury_member_token_account
snapshot_kind: text
---
{
  "type": "account",
  "info": {
    "mint": "[mint:pubkey]",
    "owner": "[treasury:pubkey]",
    "tokenAmount": {
      "uiAmount": 0.0,
      "decimals": 0,
      "amount": "0",
      "uiAmountString": "0"
    },
    "state": "initialized",
    "isNative": false,
    "extensions": [
      {
        "extension": "immutableOwner"
      }
    ]
  }
}
