---
source: bitflip_program/tests/config_initialize_test.rs
expression: config_state_account
snapshot_kind: text
---
{
  "version": 0,
  "authority": "[treasury]",
  "bump": 254,
  "treasuryBump": 255,
  "mintBitBump": 255,
  "mintKibibitBump": 255,
  "mintMebibitBump": 255,
  "mintGibibitBump": 255,
  "gameIndex": 0,
  "padding": [
    0,
    0,
    0,
    0,
    0,
    0,
    0,
    0,
    0,
    0,
    0,
    0,
    0,
    0,
    0,
    0,
    0,
    0,
    0,
    0,
    0,
    0,
    0,
    0,
    0,
    0,
    0,
    0,
    0,
    0,
    0,
    0
  ]
}
