---
source: bitflip_program/tests/game_initialize_test.rs
expression: "format!(\"{rounded_compute_units} CU\")"
snapshot_kind: text
---
20000 CU
