---
source: bitflip_program/tests/token_group_initialize_test.rs
expression: "format!(\"{rounded_compute_units} CU\")"
snapshot_kind: text
---
50000 CU
