---
source: bitflip_client/tests/banks_client.rs
expression: treasury_ui_account
---
lamports: 990880
data:
  - ""
  - base58
owner: "11111111111111111111111111111111"
executable: false
rentEpoch: 18446744073709551615
space: 0
