---
source: bitflip_client/tests/test_validator.rs
expression: bits_meta_account
---
startTime: 0
flips: 0
"on": 0
"off": 1048576
index: 0
bump: 254
sections: 0
