---
source: bitflip_client/tests/test_validator.rs
expression: mint_account
---
type: mint
info:
  mintAuthority: "[authority:pubkey]"
  supply: "1000000000000000"
  decimals: 6
  isInitialized: true
  freezeAuthority: "[authority:pubkey]"
  extensions:
    - extension: metadataPointer
      state:
        authority: "[authority:pubkey]"
        metadataAddress: "[mint:pubkey]"
    - extension: mintCloseAuthority
      state:
        closeAuthority: "[authority:pubkey]"
    - extension: tokenMetadata
      state:
        updateAuthority: 3efNHZyyChJVkuUY2nEMKpF6jXYQDbuKDbnsFS3SfFFq
        mint: JDGveJQw5TeBP5b1keuRtyR32K6ArpFvwNfXGYJXiowa
        name: Bitflip
        symbol: BITFLIP
        uri: "https://bitflip.art/token.json"
        additionalMetadata: []
